// Jest Snapshot v1, https://goo.gl/fbAQLP

exports[`should match the snapshot 1`] = `
ShallowWrapper {
  "length": 1,
  Symbol(enzyme.__root__): [Circular],
  Symbol(enzyme.__unrendered__): <ComparisonCard
    comparedObject={
        Object {
            "ACADEMY 20": 0.407,
            "COLORADO": 0.53,
            "compared": 1.302,
          }
    }
/>,
  Symbol(enzyme.__renderer__): Object {
    "batchedUpdates": [Function],
    "getNode": [Function],
    "render": [Function],
    "simulateEvent": [Function],
    "unmount": [Function],
  },
  Symbol(enzyme.__node__): Object {
    "instance": null,
    "key": undefined,
    "nodeType": "host",
    "props": Object {
      "children": Array [
        <h3
          className="top"
>
          COLORADO
</h3>,
        <h4>
          0.53
           avg
</h4>,
        <h1>
          1.302
</h1>,
        <h4>
          0.407
           avg
</h4>,
        <h3
          className="bottom"
>
          ACADEMY 20
</h3>,
      ],
      "className": "compare-card",
    },
    "ref": null,
    "rendered": Array [
      Object {
        "instance": null,
        "key": undefined,
        "nodeType": "host",
        "props": Object {
          "children": "COLORADO",
          "className": "top",
        },
        "ref": null,
        "rendered": "COLORADO",
        "type": "h3",
      },
      Object {
        "instance": null,
        "key": undefined,
        "nodeType": "host",
        "props": Object {
          "children": Array [
            0.53,
            " avg",
          ],
        },
        "ref": null,
        "rendered": Array [
          0.53,
          " avg",
        ],
        "type": "h4",
      },
      Object {
        "instance": null,
        "key": undefined,
        "nodeType": "host",
        "props": Object {
          "children": 1.302,
        },
        "ref": null,
        "rendered": 1.302,
        "type": "h1",
      },
      Object {
        "instance": null,
        "key": undefined,
        "nodeType": "host",
        "props": Object {
          "children": Array [
            0.407,
            " avg",
          ],
        },
        "ref": null,
        "rendered": Array [
          0.407,
          " avg",
        ],
        "type": "h4",
      },
      Object {
        "instance": null,
        "key": undefined,
        "nodeType": "host",
        "props": Object {
          "children": "ACADEMY 20",
          "className": "bottom",
        },
        "ref": null,
        "rendered": "ACADEMY 20",
        "type": "h3",
      },
    ],
    "type": "article",
  },
  Symbol(enzyme.__nodes__): Array [
    Object {
      "instance": null,
      "key": undefined,
      "nodeType": "host",
      "props": Object {
        "children": Array [
          <h3
            className="top"
>
            COLORADO
</h3>,
          <h4>
            0.53
             avg
</h4>,
          <h1>
            1.302
</h1>,
          <h4>
            0.407
             avg
</h4>,
          <h3
            className="bottom"
>
            ACADEMY 20
</h3>,
        ],
        "className": "compare-card",
      },
      "ref": null,
      "rendered": Array [
        Object {
          "instance": null,
          "key": undefined,
          "nodeType": "host",
          "props": Object {
            "children": "COLORADO",
            "className": "top",
          },
          "ref": null,
          "rendered": "COLORADO",
          "type": "h3",
        },
        Object {
          "instance": null,
          "key": undefined,
          "nodeType": "host",
          "props": Object {
            "children": Array [
              0.53,
              " avg",
            ],
          },
          "ref": null,
          "rendered": Array [
            0.53,
            " avg",
          ],
          "type": "h4",
        },
        Object {
          "instance": null,
          "key": undefined,
          "nodeType": "host",
          "props": Object {
            "children": 1.302,
          },
          "ref": null,
          "rendered": 1.302,
          "type": "h1",
        },
        Object {
          "instance": null,
          "key": undefined,
          "nodeType": "host",
          "props": Object {
            "children": Array [
              0.407,
              " avg",
            ],
          },
          "ref": null,
          "rendered": Array [
            0.407,
            " avg",
          ],
          "type": "h4",
        },
        Object {
          "instance": null,
          "key": undefined,
          "nodeType": "host",
          "props": Object {
            "children": "ACADEMY 20",
            "className": "bottom",
          },
          "ref": null,
          "rendered": "ACADEMY 20",
          "type": "h3",
        },
      ],
      "type": "article",
    },
  ],
  Symbol(enzyme.__options__): Object {
    "adapter": ReactSixteenAdapter {
      "options": Object {
        "enableComponentDidUpdateOnSetState": true,
      },
    },
  },
}
`;
